{
  "version": "1.5.0",
  "plugins_used": [
    {
      "name": "ArtifactoryDetector"
    },
    {
      "name": "AWSKeyDetector"
    },
    {
      "name": "AzureStorageKeyDetector"
    },
    {
      "name": "Base64HighEntropyString",
      "limit": 4.5
    },
    {
      "name": "BasicAuthDetector"
    },
    {
      "name": "CloudantDetector"
    },
    {
      "name": "DiscordBotTokenDetector"
    },
    {
      "name": "GitHubTokenDetector"
    },
    {
      "name": "GitLabTokenDetector"
    },
    {
      "name": "HexHighEntropyString",
      "limit": 3.0
    },
    {
      "name": "IbmCloudIamDetector"
    },
    {
      "name": "IbmCosHmacDetector"
    },
    {
      "name": "IPPublicDetector"
    },
    {
      "name": "JwtTokenDetector"
    },
    {
      "name": "KeywordDetector",
      "keyword_exclude": ""
    },
    {
      "name": "MailchimpDetector"
    },
    {
      "name": "NpmDetector"
    },
    {
      "name": "OpenAIDetector"
    },
    {
      "name": "PrivateKeyDetector"
    },
    {
      "name": "PypiTokenDetector"
    },
    {
      "name": "SendGridDetector"
    },
    {
      "name": "SlackDetector"
    },
    {
      "name": "SoftlayerDetector"
    },
    {
      "name": "SquareOAuthDetector"
    },
    {
      "name": "StripeDetector"
    },
    {
      "name": "TelegramBotTokenDetector"
    },
    {
      "name": "TwilioKeyDetector"
    }
  ],
  "filters_used": [
    {
      "path": "detect_secrets.filters.allowlist.is_line_allowlisted"
    },
    {
      "path": "detect_secrets.filters.common.is_baseline_file",
      "filename": ".secrets.baseline"
    },
    {
      "path": "detect_secrets.filters.common.is_ignored_due_to_verification_policies",
      "min_level": 2
    },
    {
      "path": "detect_secrets.filters.heuristic.is_indirect_reference"
    },
    {
      "path": "detect_secrets.filters.heuristic.is_likely_id_string"
    },
    {
      "path": "detect_secrets.filters.heuristic.is_lock_file"
    },
    {
      "path": "detect_secrets.filters.heuristic.is_not_alphanumeric_string"
    },
    {
      "path": "detect_secrets.filters.heuristic.is_potential_uuid"
    },
    {
      "path": "detect_secrets.filters.heuristic.is_prefixed_with_dollar_sign"
    },
    {
      "path": "detect_secrets.filters.heuristic.is_sequential_string"
    },
    {
      "path": "detect_secrets.filters.heuristic.is_swagger_file"
    },
    {
      "path": "detect_secrets.filters.heuristic.is_templated_secret"
    },
    {
      "path": "detect_secrets.filters.regex.should_exclude_file",
      "pattern": [
        "\\.(connectomekg|pycodekg|dockg)/.*"
      ]
    }
  ],
  "results": {
    "src/connectomekg/manifest.py": [
      {
        "type": "Hex High Entropy String",
        "filename": "src/connectomekg/manifest.py",
        "hashed_secret": "19a0a11e4a2be8fad6cdf2ec213e7238fc17df81",
        "is_verified": false,
        "line_number": 75,
        "is_secret": false
      },
      {
        "type": "Hex High Entropy String",
        "filename": "src/connectomekg/manifest.py",
        "hashed_secret": "f970112e88489169406fb7aaf33716960d149322",
        "is_verified": false,
        "line_number": 83,
        "is_secret": false
      },
      {
        "type": "Hex High Entropy String",
        "filename": "src/connectomekg/manifest.py",
        "hashed_secret": "6b83509ecc63182cc0561a2d7ba2915265416a3b",
        "is_verified": false,
        "line_number": 91,
        "is_secret": false
      },
      {
        "type": "Hex High Entropy String",
        "filename": "src/connectomekg/manifest.py",
        "hashed_secret": "d13a25dc0ddc6f1a542e60d006ce6dd336aa6fa6",
        "is_verified": false,
        "line_number": 99,
        "is_secret": false
      },
      {
        "type": "Hex High Entropy String",
        "filename": "src/connectomekg/manifest.py",
        "hashed_secret": "5da9a2162fd1d0115f7ee1736e660f66991f7bd3",
        "is_verified": false,
        "line_number": 107,
        "is_secret": false
      },
      {
        "type": "Hex High Entropy String",
        "filename": "src/connectomekg/manifest.py",
        "hashed_secret": "dc0c148982077bc2a0453c1bb293fdcba0950481",
        "is_verified": false,
        "line_number": 115,
        "is_secret": false
      },
      {
        "type": "Hex High Entropy String",
        "filename": "src/connectomekg/manifest.py",
        "hashed_secret": "e2a45b0ee12580a9290ab5ccb07105cd535f3daa",
        "is_verified": false,
        "line_number": 123,
        "is_secret": false
      },
      {
        "type": "Hex High Entropy String",
        "filename": "src/connectomekg/manifest.py",
        "hashed_secret": "735a17dc6c0162083f57c419551835c606e95542",
        "is_verified": false,
        "line_number": 131,
        "is_secret": false
      },
      {
        "type": "Hex High Entropy String",
        "filename": "src/connectomekg/manifest.py",
        "hashed_secret": "af276fc40ed5fdeb1d583a3440b34bfe5741bdb3",
        "is_verified": false,
        "line_number": 139,
        "is_secret": false
      },
      {
        "type": "Hex High Entropy String",
        "filename": "src/connectomekg/manifest.py",
        "hashed_secret": "5c044ad5fe0e936a5e70e17e9287ae97e21c2333",
        "is_verified": false,
        "line_number": 147,
        "is_secret": false
      }
    ]
  },
  "generated_at": "2026-09-24T01:28:24Z"
}
